=== RUN   TestCreateUser_Success
2025/10/05 17:43:03 [32mÔ£à Benutzer erstellt:[0m Name=Fardin, Email=fardin@example.com, ID=1
--- PASS: TestCreateUser_Success (0.03s)
=== RUN   TestCreateUser_MissingEmail
2025/10/05 17:43:04 [31mÔØî Fehlende E-Mail im Request:[0m {Name:Fardin Email:}
--- PASS: TestCreateUser_MissingEmail (0.00s)
PASS
ok  	go-api-demo	(cached)
